<?xml version="1.0" encoding="UTF-8"?>
<testsuites>
  <testsuite name="/home/runner/work/json-ld/json-ld/phpunit.xml.dist" tests="79" assertions="81" errors="0" failures="0" skipped="0" time="0.058070">
    <testsuite name="JsonLD Test Suite" tests="79" assertions="81" errors="0" failures="0" skipped="0" time="0.058070">
      <testsuite name="ML\JsonLD\Test\JsonLDApiTest" file="/home/runner/work/json-ld/json-ld/Test/JsonLDApiTest.php" tests="1" assertions="3" errors="0" failures="0" skipped="0" time="0.006948">
        <testcase name="testExpansion" file="/home/runner/work/json-ld/json-ld/Test/JsonLDApiTest.php" line="26" class="ML\JsonLD\Test\JsonLDApiTest" classname="ML.JsonLD.Test.JsonLDApiTest" assertions="3" time="0.006948"/>
      </testsuite>
      <testsuite name="ML\JsonLD\Test\W3CTestSuiteTest" file="/home/runner/work/json-ld/json-ld/Test/W3CTestSuiteTest.php" tests="78" assertions="78" errors="0" failures="0" skipped="0" time="0.051122">
        <testsuite name="ML\JsonLD\Test\W3CTestSuiteTest::testExpansion" tests="78" assertions="78" errors="0" failures="0" skipped="0" time="0.051122">
          <testcase name="testExpansion with data set &quot;https://w3c.github.io/json-ld-api/tests/expand-manifest.jsonld#t0001&quot;" file="/home/runner/work/json-ld/json-ld/Test/W3CTestSuiteTest.php" line="56" class="ML\JsonLD\Test\W3CTestSuiteTest" classname="ML.JsonLD.Test.W3CTestSuiteTest" assertions="1" time="0.000368"/>
          <testcase name="testExpansion with data set &quot;https://w3c.github.io/json-ld-api/tests/expand-manifest.jsonld#t0002&quot;" file="/home/runner/work/json-ld/json-ld/Test/W3CTestSuiteTest.php" line="56" class="ML\JsonLD\Test\W3CTestSuiteTest" classname="ML.JsonLD.Test.W3CTestSuiteTest" assertions="1" time="0.000812"/>
          <testcase name="testExpansion with data set &quot;https://w3c.github.io/json-ld-api/tests/expand-manifest.jsonld#t0003&quot;" file="/home/runner/work/json-ld/json-ld/Test/W3CTestSuiteTest.php" line="56" class="ML\JsonLD\Test\W3CTestSuiteTest" classname="ML.JsonLD.Test.W3CTestSuiteTest" assertions="1" time="0.000349"/>
          <testcase name="testExpansion with data set &quot;https://w3c.github.io/json-ld-api/tests/expand-manifest.jsonld#t0004&quot;" file="/home/runner/work/json-ld/json-ld/Test/W3CTestSuiteTest.php" line="56" class="ML\JsonLD\Test\W3CTestSuiteTest" classname="ML.JsonLD.Test.W3CTestSuiteTest" assertions="1" time="0.000971"/>
          <testcase name="testExpansion with data set &quot;https://w3c.github.io/json-ld-api/tests/expand-manifest.jsonld#t0005&quot;" file="/home/runner/work/json-ld/json-ld/Test/W3CTestSuiteTest.php" line="56" class="ML\JsonLD\Test\W3CTestSuiteTest" classname="ML.JsonLD.Test.W3CTestSuiteTest" assertions="1" time="0.000712"/>
          <testcase name="testExpansion with data set &quot;https://w3c.github.io/json-ld-api/tests/expand-manifest.jsonld#t0006&quot;" file="/home/runner/work/json-ld/json-ld/Test/W3CTestSuiteTest.php" line="56" class="ML\JsonLD\Test\W3CTestSuiteTest" classname="ML.JsonLD.Test.W3CTestSuiteTest" assertions="1" time="0.000595"/>
          <testcase name="testExpansion with data set &quot;https://w3c.github.io/json-ld-api/tests/expand-manifest.jsonld#t0007&quot;" file="/home/runner/work/json-ld/json-ld/Test/W3CTestSuiteTest.php" line="56" class="ML\JsonLD\Test\W3CTestSuiteTest" classname="ML.JsonLD.Test.W3CTestSuiteTest" assertions="1" time="0.000593"/>
          <testcase name="testExpansion with data set &quot;https://w3c.github.io/json-ld-api/tests/expand-manifest.jsonld#t0008&quot;" file="/home/runner/work/json-ld/json-ld/Test/W3CTestSuiteTest.php" line="56" class="ML\JsonLD\Test\W3CTestSuiteTest" classname="ML.JsonLD.Test.W3CTestSuiteTest" assertions="1" time="0.000522"/>
          <testcase name="testExpansion with data set &quot;https://w3c.github.io/json-ld-api/tests/expand-manifest.jsonld#t0009&quot;" file="/home/runner/work/json-ld/json-ld/Test/W3CTestSuiteTest.php" line="56" class="ML\JsonLD\Test\W3CTestSuiteTest" classname="ML.JsonLD.Test.W3CTestSuiteTest" assertions="1" time="0.001008"/>
          <testcase name="testExpansion with data set &quot;https://w3c.github.io/json-ld-api/tests/expand-manifest.jsonld#t0010&quot;" file="/home/runner/work/json-ld/json-ld/Test/W3CTestSuiteTest.php" line="56" class="ML\JsonLD\Test\W3CTestSuiteTest" classname="ML.JsonLD.Test.W3CTestSuiteTest" assertions="1" time="0.000487"/>
          <testcase name="testExpansion with data set &quot;https://w3c.github.io/json-ld-api/tests/expand-manifest.jsonld#t0011&quot;" file="/home/runner/work/json-ld/json-ld/Test/W3CTestSuiteTest.php" line="56" class="ML\JsonLD\Test\W3CTestSuiteTest" classname="ML.JsonLD.Test.W3CTestSuiteTest" assertions="1" time="0.000516"/>
          <testcase name="testExpansion with data set &quot;https://w3c.github.io/json-ld-api/tests/expand-manifest.jsonld#t0012&quot;" file="/home/runner/work/json-ld/json-ld/Test/W3CTestSuiteTest.php" line="56" class="ML\JsonLD\Test\W3CTestSuiteTest" classname="ML.JsonLD.Test.W3CTestSuiteTest" assertions="1" time="0.000994"/>
          <testcase name="testExpansion with data set &quot;https://w3c.github.io/json-ld-api/tests/expand-manifest.jsonld#t0013&quot;" file="/home/runner/work/json-ld/json-ld/Test/W3CTestSuiteTest.php" line="56" class="ML\JsonLD\Test\W3CTestSuiteTest" classname="ML.JsonLD.Test.W3CTestSuiteTest" assertions="1" time="0.000751"/>
          <testcase name="testExpansion with data set &quot;https://w3c.github.io/json-ld-api/tests/expand-manifest.jsonld#t0014&quot;" file="/home/runner/work/json-ld/json-ld/Test/W3CTestSuiteTest.php" line="56" class="ML\JsonLD\Test\W3CTestSuiteTest" classname="ML.JsonLD.Test.W3CTestSuiteTest" assertions="1" time="0.000821"/>
          <testcase name="testExpansion with data set &quot;https://w3c.github.io/json-ld-api/tests/expand-manifest.jsonld#t0015&quot;" file="/home/runner/work/json-ld/json-ld/Test/W3CTestSuiteTest.php" line="56" class="ML\JsonLD\Test\W3CTestSuiteTest" classname="ML.JsonLD.Test.W3CTestSuiteTest" assertions="1" time="0.000740"/>
          <testcase name="testExpansion with data set &quot;https://w3c.github.io/json-ld-api/tests/expand-manifest.jsonld#t0016&quot;" file="/home/runner/work/json-ld/json-ld/Test/W3CTestSuiteTest.php" line="56" class="ML\JsonLD\Test\W3CTestSuiteTest" classname="ML.JsonLD.Test.W3CTestSuiteTest" assertions="1" time="0.000823"/>
          <testcase name="testExpansion with data set &quot;https://w3c.github.io/json-ld-api/tests/expand-manifest.jsonld#t0017&quot;" file="/home/runner/work/json-ld/json-ld/Test/W3CTestSuiteTest.php" line="56" class="ML\JsonLD\Test\W3CTestSuiteTest" classname="ML.JsonLD.Test.W3CTestSuiteTest" assertions="1" time="0.001003"/>
          <testcase name="testExpansion with data set &quot;https://w3c.github.io/json-ld-api/tests/expand-manifest.jsonld#t0018&quot;" file="/home/runner/work/json-ld/json-ld/Test/W3CTestSuiteTest.php" line="56" class="ML\JsonLD\Test\W3CTestSuiteTest" classname="ML.JsonLD.Test.W3CTestSuiteTest" assertions="1" time="0.000801"/>
          <testcase name="testExpansion with data set &quot;https://w3c.github.io/json-ld-api/tests/expand-manifest.jsonld#t0019&quot;" file="/home/runner/work/json-ld/json-ld/Test/W3CTestSuiteTest.php" line="56" class="ML\JsonLD\Test\W3CTestSuiteTest" classname="ML.JsonLD.Test.W3CTestSuiteTest" assertions="1" time="0.000375"/>
          <testcase name="testExpansion with data set &quot;https://w3c.github.io/json-ld-api/tests/expand-manifest.jsonld#t0020&quot;" file="/home/runner/work/json-ld/json-ld/Test/W3CTestSuiteTest.php" line="56" class="ML\JsonLD\Test\W3CTestSuiteTest" classname="ML.JsonLD.Test.W3CTestSuiteTest" assertions="1" time="0.001140"/>
          <testcase name="testExpansion with data set &quot;https://w3c.github.io/json-ld-api/tests/expand-manifest.jsonld#t0021&quot;" file="/home/runner/work/json-ld/json-ld/Test/W3CTestSuiteTest.php" line="56" class="ML\JsonLD\Test\W3CTestSuiteTest" classname="ML.JsonLD.Test.W3CTestSuiteTest" assertions="1" time="0.001291"/>
          <testcase name="testExpansion with data set &quot;https://w3c.github.io/json-ld-api/tests/expand-manifest.jsonld#t0022&quot;" file="/home/runner/work/json-ld/json-ld/Test/W3CTestSuiteTest.php" line="56" class="ML\JsonLD\Test\W3CTestSuiteTest" classname="ML.JsonLD.Test.W3CTestSuiteTest" assertions="1" time="0.000434"/>
          <testcase name="testExpansion with data set &quot;https://w3c.github.io/json-ld-api/tests/expand-manifest.jsonld#t0023&quot;" file="/home/runner/work/json-ld/json-ld/Test/W3CTestSuiteTest.php" line="56" class="ML\JsonLD\Test\W3CTestSuiteTest" classname="ML.JsonLD.Test.W3CTestSuiteTest" assertions="1" time="0.001044"/>
          <testcase name="testExpansion with data set &quot;https://w3c.github.io/json-ld-api/tests/expand-manifest.jsonld#t0024&quot;" file="/home/runner/work/json-ld/json-ld/Test/W3CTestSuiteTest.php" line="56" class="ML\JsonLD\Test\W3CTestSuiteTest" classname="ML.JsonLD.Test.W3CTestSuiteTest" assertions="1" time="0.000597"/>
          <testcase name="testExpansion with data set &quot;https://w3c.github.io/json-ld-api/tests/expand-manifest.jsonld#t0025&quot;" file="/home/runner/work/json-ld/json-ld/Test/W3CTestSuiteTest.php" line="56" class="ML\JsonLD\Test\W3CTestSuiteTest" classname="ML.JsonLD.Test.W3CTestSuiteTest" assertions="1" time="0.000419"/>
          <testcase name="testExpansion with data set &quot;https://w3c.github.io/json-ld-api/tests/expand-manifest.jsonld#t0026&quot;" file="/home/runner/work/json-ld/json-ld/Test/W3CTestSuiteTest.php" line="56" class="ML\JsonLD\Test\W3CTestSuiteTest" classname="ML.JsonLD.Test.W3CTestSuiteTest" assertions="1" time="0.000585"/>
          <testcase name="testExpansion with data set &quot;https://w3c.github.io/json-ld-api/tests/expand-manifest.jsonld#t0027&quot;" file="/home/runner/work/json-ld/json-ld/Test/W3CTestSuiteTest.php" line="56" class="ML\JsonLD\Test\W3CTestSuiteTest" classname="ML.JsonLD.Test.W3CTestSuiteTest" assertions="1" time="0.000736"/>
          <testcase name="testExpansion with data set &quot;https://w3c.github.io/json-ld-api/tests/expand-manifest.jsonld#t0028&quot;" file="/home/runner/work/json-ld/json-ld/Test/W3CTestSuiteTest.php" line="56" class="ML\JsonLD\Test\W3CTestSuiteTest" classname="ML.JsonLD.Test.W3CTestSuiteTest" assertions="1" time="0.000639"/>
          <testcase name="testExpansion with data set &quot;https://w3c.github.io/json-ld-api/tests/expand-manifest.jsonld#t0029&quot;" file="/home/runner/work/json-ld/json-ld/Test/W3CTestSuiteTest.php" line="56" class="ML\JsonLD\Test\W3CTestSuiteTest" classname="ML.JsonLD.Test.W3CTestSuiteTest" assertions="1" time="0.001451"/>
          <testcase name="testExpansion with data set &quot;https://w3c.github.io/json-ld-api/tests/expand-manifest.jsonld#t0030&quot;" file="/home/runner/work/json-ld/json-ld/Test/W3CTestSuiteTest.php" line="56" class="ML\JsonLD\Test\W3CTestSuiteTest" classname="ML.JsonLD.Test.W3CTestSuiteTest" assertions="1" time="0.000590"/>
          <testcase name="testExpansion with data set &quot;https://w3c.github.io/json-ld-api/tests/expand-manifest.jsonld#t0031&quot;" file="/home/runner/work/json-ld/json-ld/Test/W3CTestSuiteTest.php" line="56" class="ML\JsonLD\Test\W3CTestSuiteTest" classname="ML.JsonLD.Test.W3CTestSuiteTest" assertions="1" time="0.000628"/>
          <testcase name="testExpansion with data set &quot;https://w3c.github.io/json-ld-api/tests/expand-manifest.jsonld#t0032&quot;" file="/home/runner/work/json-ld/json-ld/Test/W3CTestSuiteTest.php" line="56" class="ML\JsonLD\Test\W3CTestSuiteTest" classname="ML.JsonLD.Test.W3CTestSuiteTest" assertions="1" time="0.000729"/>
          <testcase name="testExpansion with data set &quot;https://w3c.github.io/json-ld-api/tests/expand-manifest.jsonld#t0033&quot;" file="/home/runner/work/json-ld/json-ld/Test/W3CTestSuiteTest.php" line="56" class="ML\JsonLD\Test\W3CTestSuiteTest" classname="ML.JsonLD.Test.W3CTestSuiteTest" assertions="1" time="0.000561"/>
          <testcase name="testExpansion with data set &quot;https://w3c.github.io/json-ld-api/tests/expand-manifest.jsonld#t0034&quot;" file="/home/runner/work/json-ld/json-ld/Test/W3CTestSuiteTest.php" line="56" class="ML\JsonLD\Test\W3CTestSuiteTest" classname="ML.JsonLD.Test.W3CTestSuiteTest" assertions="1" time="0.000633"/>
          <testcase name="testExpansion with data set &quot;https://w3c.github.io/json-ld-api/tests/expand-manifest.jsonld#t0035&quot;" file="/home/runner/work/json-ld/json-ld/Test/W3CTestSuiteTest.php" line="56" class="ML\JsonLD\Test\W3CTestSuiteTest" classname="ML.JsonLD.Test.W3CTestSuiteTest" assertions="1" time="0.000648"/>
          <testcase name="testExpansion with data set &quot;https://w3c.github.io/json-ld-api/tests/expand-manifest.jsonld#t0036&quot;" file="/home/runner/work/json-ld/json-ld/Test/W3CTestSuiteTest.php" line="56" class="ML\JsonLD\Test\W3CTestSuiteTest" classname="ML.JsonLD.Test.W3CTestSuiteTest" assertions="1" time="0.001882"/>
          <testcase name="testExpansion with data set &quot;https://w3c.github.io/json-ld-api/tests/expand-manifest.jsonld#t0037&quot;" file="/home/runner/work/json-ld/json-ld/Test/W3CTestSuiteTest.php" line="56" class="ML\JsonLD\Test\W3CTestSuiteTest" classname="ML.JsonLD.Test.W3CTestSuiteTest" assertions="1" time="0.000583"/>
          <testcase name="testExpansion with data set &quot;https://w3c.github.io/json-ld-api/tests/expand-manifest.jsonld#t0038&quot;" file="/home/runner/work/json-ld/json-ld/Test/W3CTestSuiteTest.php" line="56" class="ML\JsonLD\Test\W3CTestSuiteTest" classname="ML.JsonLD.Test.W3CTestSuiteTest" assertions="1" time="0.001006"/>
          <testcase name="testExpansion with data set &quot;https://w3c.github.io/json-ld-api/tests/expand-manifest.jsonld#t0039&quot;" file="/home/runner/work/json-ld/json-ld/Test/W3CTestSuiteTest.php" line="56" class="ML\JsonLD\Test\W3CTestSuiteTest" classname="ML.JsonLD.Test.W3CTestSuiteTest" assertions="1" time="0.000579"/>
          <testcase name="testExpansion with data set &quot;https://w3c.github.io/json-ld-api/tests/expand-manifest.jsonld#t0040&quot;" file="/home/runner/work/json-ld/json-ld/Test/W3CTestSuiteTest.php" line="56" class="ML\JsonLD\Test\W3CTestSuiteTest" classname="ML.JsonLD.Test.W3CTestSuiteTest" assertions="1" time="0.000583"/>
          <testcase name="testExpansion with data set &quot;https://w3c.github.io/json-ld-api/tests/expand-manifest.jsonld#t0041&quot;" file="/home/runner/work/json-ld/json-ld/Test/W3CTestSuiteTest.php" line="56" class="ML\JsonLD\Test\W3CTestSuiteTest" classname="ML.JsonLD.Test.W3CTestSuiteTest" assertions="1" time="0.000520"/>
          <testcase name="testExpansion with data set &quot;https://w3c.github.io/json-ld-api/tests/expand-manifest.jsonld#t0042&quot;" file="/home/runner/work/json-ld/json-ld/Test/W3CTestSuiteTest.php" line="56" class="ML\JsonLD\Test\W3CTestSuiteTest" classname="ML.JsonLD.Test.W3CTestSuiteTest" assertions="1" time="0.000559"/>
          <testcase name="testExpansion with data set &quot;https://w3c.github.io/json-ld-api/tests/expand-manifest.jsonld#t0043&quot;" file="/home/runner/work/json-ld/json-ld/Test/W3CTestSuiteTest.php" line="56" class="ML\JsonLD\Test\W3CTestSuiteTest" classname="ML.JsonLD.Test.W3CTestSuiteTest" assertions="1" time="0.000628"/>
          <testcase name="testExpansion with data set &quot;https://w3c.github.io/json-ld-api/tests/expand-manifest.jsonld#t0044&quot;" file="/home/runner/work/json-ld/json-ld/Test/W3CTestSuiteTest.php" line="56" class="ML\JsonLD\Test\W3CTestSuiteTest" classname="ML.JsonLD.Test.W3CTestSuiteTest" assertions="1" time="0.000601"/>
          <testcase name="testExpansion with data set &quot;https://w3c.github.io/json-ld-api/tests/expand-manifest.jsonld#t0045&quot;" file="/home/runner/work/json-ld/json-ld/Test/W3CTestSuiteTest.php" line="56" class="ML\JsonLD\Test\W3CTestSuiteTest" classname="ML.JsonLD.Test.W3CTestSuiteTest" assertions="1" time="0.000316"/>
          <testcase name="testExpansion with data set &quot;https://w3c.github.io/json-ld-api/tests/expand-manifest.jsonld#t0046&quot;" file="/home/runner/work/json-ld/json-ld/Test/W3CTestSuiteTest.php" line="56" class="ML\JsonLD\Test\W3CTestSuiteTest" classname="ML.JsonLD.Test.W3CTestSuiteTest" assertions="1" time="0.000357"/>
          <testcase name="testExpansion with data set &quot;https://w3c.github.io/json-ld-api/tests/expand-manifest.jsonld#t0047&quot;" file="/home/runner/work/json-ld/json-ld/Test/W3CTestSuiteTest.php" line="56" class="ML\JsonLD\Test\W3CTestSuiteTest" classname="ML.JsonLD.Test.W3CTestSuiteTest" assertions="1" time="0.000446"/>
          <testcase name="testExpansion with data set &quot;https://w3c.github.io/json-ld-api/tests/expand-manifest.jsonld#t0048&quot;" file="/home/runner/work/json-ld/json-ld/Test/W3CTestSuiteTest.php" line="56" class="ML\JsonLD\Test\W3CTestSuiteTest" classname="ML.JsonLD.Test.W3CTestSuiteTest" assertions="1" time="0.000619"/>
          <testcase name="testExpansion with data set &quot;https://w3c.github.io/json-ld-api/tests/expand-manifest.jsonld#t0049&quot;" file="/home/runner/work/json-ld/json-ld/Test/W3CTestSuiteTest.php" line="56" class="ML\JsonLD\Test\W3CTestSuiteTest" classname="ML.JsonLD.Test.W3CTestSuiteTest" assertions="1" time="0.000552"/>
          <testcase name="testExpansion with data set &quot;https://w3c.github.io/json-ld-api/tests/expand-manifest.jsonld#t0050&quot;" file="/home/runner/work/json-ld/json-ld/Test/W3CTestSuiteTest.php" line="56" class="ML\JsonLD\Test\W3CTestSuiteTest" classname="ML.JsonLD.Test.W3CTestSuiteTest" assertions="1" time="0.000477"/>
          <testcase name="testExpansion with data set &quot;https://w3c.github.io/json-ld-api/tests/expand-manifest.jsonld#t0051&quot;" file="/home/runner/work/json-ld/json-ld/Test/W3CTestSuiteTest.php" line="56" class="ML\JsonLD\Test\W3CTestSuiteTest" classname="ML.JsonLD.Test.W3CTestSuiteTest" assertions="1" time="0.000444"/>
          <testcase name="testExpansion with data set &quot;https://w3c.github.io/json-ld-api/tests/expand-manifest.jsonld#t0052&quot;" file="/home/runner/work/json-ld/json-ld/Test/W3CTestSuiteTest.php" line="56" class="ML\JsonLD\Test\W3CTestSuiteTest" classname="ML.JsonLD.Test.W3CTestSuiteTest" assertions="1" time="0.000435"/>
          <testcase name="testExpansion with data set &quot;https://w3c.github.io/json-ld-api/tests/expand-manifest.jsonld#t0053&quot;" file="/home/runner/work/json-ld/json-ld/Test/W3CTestSuiteTest.php" line="56" class="ML\JsonLD\Test\W3CTestSuiteTest" classname="ML.JsonLD.Test.W3CTestSuiteTest" assertions="1" time="0.000385"/>
          <testcase name="testExpansion with data set &quot;https://w3c.github.io/json-ld-api/tests/expand-manifest.jsonld#t0054&quot;" file="/home/runner/work/json-ld/json-ld/Test/W3CTestSuiteTest.php" line="56" class="ML\JsonLD\Test\W3CTestSuiteTest" classname="ML.JsonLD.Test.W3CTestSuiteTest" assertions="1" time="0.000381"/>
          <testcase name="testExpansion with data set &quot;https://w3c.github.io/json-ld-api/tests/expand-manifest.jsonld#t0055&quot;" file="/home/runner/work/json-ld/json-ld/Test/W3CTestSuiteTest.php" line="56" class="ML\JsonLD\Test\W3CTestSuiteTest" classname="ML.JsonLD.Test.W3CTestSuiteTest" assertions="1" time="0.000397"/>
          <testcase name="testExpansion with data set &quot;https://w3c.github.io/json-ld-api/tests/expand-manifest.jsonld#t0056&quot;" file="/home/runner/work/json-ld/json-ld/Test/W3CTestSuiteTest.php" line="56" class="ML\JsonLD\Test\W3CTestSuiteTest" classname="ML.JsonLD.Test.W3CTestSuiteTest" assertions="1" time="0.000560"/>
          <testcase name="testExpansion with data set &quot;https://w3c.github.io/json-ld-api/tests/expand-manifest.jsonld#t0057&quot;" file="/home/runner/work/json-ld/json-ld/Test/W3CTestSuiteTest.php" line="56" class="ML\JsonLD\Test\W3CTestSuiteTest" classname="ML.JsonLD.Test.W3CTestSuiteTest" assertions="1" time="0.000406"/>
          <testcase name="testExpansion with data set &quot;https://w3c.github.io/json-ld-api/tests/expand-manifest.jsonld#t0058&quot;" file="/home/runner/work/json-ld/json-ld/Test/W3CTestSuiteTest.php" line="56" class="ML\JsonLD\Test\W3CTestSuiteTest" classname="ML.JsonLD.Test.W3CTestSuiteTest" assertions="1" time="0.000388"/>
          <testcase name="testExpansion with data set &quot;https://w3c.github.io/json-ld-api/tests/expand-manifest.jsonld#t0059&quot;" file="/home/runner/work/json-ld/json-ld/Test/W3CTestSuiteTest.php" line="56" class="ML\JsonLD\Test\W3CTestSuiteTest" classname="ML.JsonLD.Test.W3CTestSuiteTest" assertions="1" time="0.000574"/>
          <testcase name="testExpansion with data set &quot;https://w3c.github.io/json-ld-api/tests/expand-manifest.jsonld#t0060&quot;" file="/home/runner/work/json-ld/json-ld/Test/W3CTestSuiteTest.php" line="56" class="ML\JsonLD\Test\W3CTestSuiteTest" classname="ML.JsonLD.Test.W3CTestSuiteTest" assertions="1" time="0.000805"/>
          <testcase name="testExpansion with data set &quot;https://w3c.github.io/json-ld-api/tests/expand-manifest.jsonld#t0061&quot;" file="/home/runner/work/json-ld/json-ld/Test/W3CTestSuiteTest.php" line="56" class="ML\JsonLD\Test\W3CTestSuiteTest" classname="ML.JsonLD.Test.W3CTestSuiteTest" assertions="1" time="0.000602"/>
          <testcase name="testExpansion with data set &quot;https://w3c.github.io/json-ld-api/tests/expand-manifest.jsonld#t0062&quot;" file="/home/runner/work/json-ld/json-ld/Test/W3CTestSuiteTest.php" line="56" class="ML\JsonLD\Test\W3CTestSuiteTest" classname="ML.JsonLD.Test.W3CTestSuiteTest" assertions="1" time="0.001531"/>
          <testcase name="testExpansion with data set &quot;https://w3c.github.io/json-ld-api/tests/expand-manifest.jsonld#t0063&quot;" file="/home/runner/work/json-ld/json-ld/Test/W3CTestSuiteTest.php" line="56" class="ML\JsonLD\Test\W3CTestSuiteTest" classname="ML.JsonLD.Test.W3CTestSuiteTest" assertions="1" time="0.000702"/>
          <testcase name="testExpansion with data set &quot;https://w3c.github.io/json-ld-api/tests/expand-manifest.jsonld#t0064&quot;" file="/home/runner/work/json-ld/json-ld/Test/W3CTestSuiteTest.php" line="56" class="ML\JsonLD\Test\W3CTestSuiteTest" classname="ML.JsonLD.Test.W3CTestSuiteTest" assertions="1" time="0.000607"/>
          <testcase name="testExpansion with data set &quot;https://w3c.github.io/json-ld-api/tests/expand-manifest.jsonld#t0065&quot;" file="/home/runner/work/json-ld/json-ld/Test/W3CTestSuiteTest.php" line="56" class="ML\JsonLD\Test\W3CTestSuiteTest" classname="ML.JsonLD.Test.W3CTestSuiteTest" assertions="1" time="0.000582"/>
          <testcase name="testExpansion with data set &quot;https://w3c.github.io/json-ld-api/tests/expand-manifest.jsonld#t0066&quot;" file="/home/runner/work/json-ld/json-ld/Test/W3CTestSuiteTest.php" line="56" class="ML\JsonLD\Test\W3CTestSuiteTest" classname="ML.JsonLD.Test.W3CTestSuiteTest" assertions="1" time="0.000687"/>
          <testcase name="testExpansion with data set &quot;https://w3c.github.io/json-ld-api/tests/expand-manifest.jsonld#t0067&quot;" file="/home/runner/work/json-ld/json-ld/Test/W3CTestSuiteTest.php" line="56" class="ML\JsonLD\Test\W3CTestSuiteTest" classname="ML.JsonLD.Test.W3CTestSuiteTest" assertions="1" time="0.000466"/>
          <testcase name="testExpansion with data set &quot;https://w3c.github.io/json-ld-api/tests/expand-manifest.jsonld#t0068&quot;" file="/home/runner/work/json-ld/json-ld/Test/W3CTestSuiteTest.php" line="56" class="ML\JsonLD\Test\W3CTestSuiteTest" classname="ML.JsonLD.Test.W3CTestSuiteTest" assertions="1" time="0.000464"/>
          <testcase name="testExpansion with data set &quot;https://w3c.github.io/json-ld-api/tests/expand-manifest.jsonld#t0069&quot;" file="/home/runner/work/json-ld/json-ld/Test/W3CTestSuiteTest.php" line="56" class="ML\JsonLD\Test\W3CTestSuiteTest" classname="ML.JsonLD.Test.W3CTestSuiteTest" assertions="1" time="0.000471"/>
          <testcase name="testExpansion with data set &quot;https://w3c.github.io/json-ld-api/tests/expand-manifest.jsonld#t0070&quot;" file="/home/runner/work/json-ld/json-ld/Test/W3CTestSuiteTest.php" line="56" class="ML\JsonLD\Test\W3CTestSuiteTest" classname="ML.JsonLD.Test.W3CTestSuiteTest" assertions="1" time="0.000475"/>
          <testcase name="testExpansion with data set &quot;https://w3c.github.io/json-ld-api/tests/expand-manifest.jsonld#t0071&quot;" file="/home/runner/work/json-ld/json-ld/Test/W3CTestSuiteTest.php" line="56" class="ML\JsonLD\Test\W3CTestSuiteTest" classname="ML.JsonLD.Test.W3CTestSuiteTest" assertions="1" time="0.000483"/>
          <testcase name="testExpansion with data set &quot;https://w3c.github.io/json-ld-api/tests/expand-manifest.jsonld#t0072&quot;" file="/home/runner/work/json-ld/json-ld/Test/W3CTestSuiteTest.php" line="56" class="ML\JsonLD\Test\W3CTestSuiteTest" classname="ML.JsonLD.Test.W3CTestSuiteTest" assertions="1" time="0.000423"/>
          <testcase name="testExpansion with data set &quot;https://w3c.github.io/json-ld-api/tests/expand-manifest.jsonld#t0073&quot;" file="/home/runner/work/json-ld/json-ld/Test/W3CTestSuiteTest.php" line="56" class="ML\JsonLD\Test\W3CTestSuiteTest" classname="ML.JsonLD.Test.W3CTestSuiteTest" assertions="1" time="0.000559"/>
          <testcase name="testExpansion with data set &quot;https://w3c.github.io/json-ld-api/tests/expand-manifest.jsonld#t0074&quot;" file="/home/runner/work/json-ld/json-ld/Test/W3CTestSuiteTest.php" line="56" class="ML\JsonLD\Test\W3CTestSuiteTest" classname="ML.JsonLD.Test.W3CTestSuiteTest" assertions="1" time="0.000563"/>
          <testcase name="testExpansion with data set &quot;https://w3c.github.io/json-ld-api/tests/expand-manifest.jsonld#t0075&quot;" file="/home/runner/work/json-ld/json-ld/Test/W3CTestSuiteTest.php" line="56" class="ML\JsonLD\Test\W3CTestSuiteTest" classname="ML.JsonLD.Test.W3CTestSuiteTest" assertions="1" time="0.000498"/>
          <testcase name="testExpansion with data set &quot;https://w3c.github.io/json-ld-api/tests/expand-manifest.jsonld#t0076&quot;" file="/home/runner/work/json-ld/json-ld/Test/W3CTestSuiteTest.php" line="56" class="ML\JsonLD\Test\W3CTestSuiteTest" classname="ML.JsonLD.Test.W3CTestSuiteTest" assertions="1" time="0.000419"/>
          <testcase name="testExpansion with data set &quot;https://w3c.github.io/json-ld-api/tests/expand-manifest.jsonld#t0077&quot;" file="/home/runner/work/json-ld/json-ld/Test/W3CTestSuiteTest.php" line="56" class="ML\JsonLD\Test\W3CTestSuiteTest" classname="ML.JsonLD.Test.W3CTestSuiteTest" assertions="1" time="0.000804"/>
          <testcase name="testExpansion with data set &quot;https://w3c.github.io/json-ld-api/tests/expand-manifest.jsonld#t0078&quot;" file="/home/runner/work/json-ld/json-ld/Test/W3CTestSuiteTest.php" line="56" class="ML\JsonLD\Test\W3CTestSuiteTest" classname="ML.JsonLD.Test.W3CTestSuiteTest" assertions="1" time="0.000938"/>
        </testsuite>
      </testsuite>
    </testsuite>
  </testsuite>
</testsuites>
